
[1m[46m RUN [49m[22m [36mv4.0.17 [39m[90mC:/Users/ABBASS/Desktop/BBC Agents/client[39m

node.exe : ReferenceError: email is not defined
At line:1 char:1
+ & "C:\Program Files\nodejs/node.exe" "C:\Program Files\nodejs/node_mo ...
+ ~~~~~~~~~~~~~~~~~~~~~~~~~~~~~~~~~~~~~~~~~~~~~~~~~~~~~~~~~~~~~~~~~~~~~
    + CategoryInfo          : NotSpecified: (ReferenceError: email is not defined:String) [], RemoteException
    + FullyQualifiedErrorId : NativeCommandError
 
    at Login (C:/Users/ABBASS/Desktop/BBC Agents/client/src/pages/Login.jsx:87:36)
    at renderWithHooks (C:\Users\ABBASS\Desktop\BBC Agents\client\node_modules\react-dom\cjs\react-dom.development.js:15486:18)
    at mountIndeterminateComponent (C:\Users\ABBASS\Desktop\BBC Agents\client\node_modules\react-dom\cjs\react-dom.development.js:20103:13)
    at beginWork (C:\Users\ABBASS\Desktop\BBC Agents\client\node_modules\react-dom\cjs\react-dom.development.js:21626:16)
    at HTMLUnknownElement.callCallback (C:\Users\ABBASS\Desktop\BBC Agents\client\node_modules\react-dom\cjs\react-dom.development.js:4164:14)
    at HTMLUnknownElement.callTheUserObjectsOperation (C:\Users\ABBASS\Desktop\BBC Agents\client\node_modules\jsdom\lib\jsdom\living\generated\EventListener.js:26:30)
    at innerInvokeEventListeners (C:\Users\ABBASS\Desktop\BBC Agents\client\node_modules\jsdom\lib\jsdom\living\events\EventTarget-impl.js:360:16)
    at invokeEventListeners (C:\Users\ABBASS\Desktop\BBC Agents\client\node_modules\jsdom\lib\jsdom\living\events\EventTarget-impl.js:296:3)
    at HTMLUnknownElementImpl._dispatch (C:\Users\ABBASS\Desktop\BBC Agents\client\node_modules\jsdom\lib\jsdom\living\events\EventTarget-impl.js:243:9)
    at HTMLUnknownElementImpl.dispatchEvent (C:\Users\ABBASS\Desktop\BBC Agents\client\node_modules\jsdom\lib\jsdom\living\events\EventTarget-impl.js:114:17)
ReferenceError: email is not defined
    at Login (C:/Users/ABBASS/Desktop/BBC Agents/client/src/pages/Login.jsx:87:36)
    at renderWithHooks (C:\Users\ABBASS\Desktop\BBC Agents\client\node_modules\react-dom\cjs\react-dom.development.js:15486:18)
    at mountIndeterminateComponent (C:\Users\ABBASS\Desktop\BBC Agents\client\node_modules\react-dom\cjs\react-dom.development.js:20103:13)
    at beginWork (C:\Users\ABBASS\Desktop\BBC Agents\client\node_modules\react-dom\cjs\react-dom.development.js:21626:16)
    at HTMLUnknownElement.callCallback (C:\Users\ABBASS\Desktop\BBC Agents\client\node_modules\react-dom\cjs\react-dom.development.js:4164:14)
    at HTMLUnknownElement.callTheUserObjectsOperation (C:\Users\ABBASS\Desktop\BBC Agents\client\node_modules\jsdom\lib\jsdom\living\generated\EventListener.js:26:30)
    at innerInvokeEventListeners (C:\Users\ABBASS\Desktop\BBC Agents\client\node_modules\jsdom\lib\jsdom\living\events\EventTarget-impl.js:360:16)
    at invokeEventListeners (C:\Users\ABBASS\Desktop\BBC Agents\client\node_modules\jsdom\lib\jsdom\living\events\EventTarget-impl.js:296:3)
    at HTMLUnknownElementImpl._dispatch (C:\Users\ABBASS\Desktop\BBC Agents\client\node_modules\jsdom\lib\jsdom\living\events\EventTarget-impl.js:243:9)
    at HTMLUnknownElementImpl.dispatchEvent (C:\Users\ABBASS\Desktop\BBC Agents\client\node_modules\jsdom\lib\jsdom\living\events\EventTarget-impl.js:114:17)
[90mstderr[2m | src/pages/Login.test.jsx[2m > [22m[2mLogin Page[2m > [22m[2mrenders login form by default
[22m[39mThe above error occurred in the <Login> component:

    at Login (C:/Users/ABBASS/Desktop/BBC Agents/client/src/pages/Login.jsx:19:67)
    at Router (C:\Users\ABBASS\Desktop\BBC Agents\client\node_modules\react-router\dist\umd\react-router.development.js:1207:17)
    at BrowserRouter (C:\Users\ABBASS\Desktop\BBC Agents\client\node_modules\react-router-dom\dist\umd\react-router-dom.development.js:695:7)

Consider adding an error boundary to your tree to customize error handling behavior.
Visit https://reactjs.org/link/error-boundaries to learn more about error boundaries.

ReferenceError: email is not defined
    at Login (C:/Users/ABBASS/Desktop/BBC Agents/client/src/pages/Login.jsx:87:36)
    at renderWithHooks (C:\Users\ABBASS\Desktop\BBC Agents\client\node_modules\react-dom\cjs\react-dom.development.js:15486:18)
    at mountIndeterminateComponent (C:\Users\ABBASS\Desktop\BBC Agents\client\node_modules\react-dom\cjs\react-dom.development.js:20103:13)
    at beginWork (C:\Users\ABBASS\Desktop\BBC Agents\client\node_modules\react-dom\cjs\react-dom.development.js:21626:16)
    at HTMLUnknownElement.callCallback (C:\Users\ABBASS\Desktop\BBC Agents\client\node_modules\react-dom\cjs\react-dom.development.js:4164:14)
    at HTMLUnknownElement.callTheUserObjectsOperation (C:\Users\ABBASS\Desktop\BBC Agents\client\node_modules\jsdom\lib\jsdom\living\generated\EventListener.js:26:30)
    at innerInvokeEventListeners (C:\Users\ABBASS\Desktop\BBC Agents\client\node_modules\jsdom\lib\jsdom\living\events\EventTarget-impl.js:360:16)
    at invokeEventListeners (C:\Users\ABBASS\Desktop\BBC Agents\client\node_modules\jsdom\lib\jsdom\living\events\EventTarget-impl.js:296:3)
    at HTMLUnknownElementImpl._dispatch (C:\Users\ABBASS\Desktop\BBC Agents\client\node_modules\jsdom\lib\jsdom\living\events\EventTarget-impl.js:243:9)
    at HTMLUnknownElementImpl.dispatchEvent (C:\Users\ABBASS\Desktop\BBC Agents\client\node_modules\jsdom\lib\jsdom\living\events\EventTarget-impl.js:114:17)
ReferenceError: email is not defined
    at Login (C:/Users/ABBASS/Desktop/BBC Agents/client/src/pages/Login.jsx:87:36)
    at renderWithHooks (C:\Users\ABBASS\Desktop\BBC Agents\client\node_modules\react-dom\cjs\react-dom.development.js:15486:18)
    at mountIndeterminateComponent (C:\Users\ABBASS\Desktop\BBC Agents\client\node_modules\react-dom\cjs\react-dom.development.js:20103:13)
    at beginWork (C:\Users\ABBASS\Desktop\BBC Agents\client\node_modules\react-dom\cjs\react-dom.development.js:21626:16)
    at HTMLUnknownElement.callCallback (C:\Users\ABBASS\Desktop\BBC Agents\client\node_modules\react-dom\cjs\react-dom.development.js:4164:14)
    at HTMLUnknownElement.callTheUserObjectsOperation (C:\Users\ABBASS\Desktop\BBC Agents\client\node_modules\jsdom\lib\jsdom\living\generated\EventListener.js:26:30)
    at innerInvokeEventListeners (C:\Users\ABBASS\Desktop\BBC Agents\client\node_modules\jsdom\lib\jsdom\living\events\EventTarget-impl.js:360:16)
    at invokeEventListeners (C:\Users\ABBASS\Desktop\BBC Agents\client\node_modules\jsdom\lib\jsdom\living\events\EventTarget-impl.js:296:3)
    at HTMLUnknownElementImpl._dispatch (C:\Users\ABBASS\Desktop\BBC Agents\client\node_modules\jsdom\lib\jsdom\living\events\EventTarget-impl.js:243:9)
    at HTMLUnknownElementImpl.dispatchEvent (C:\Users\ABBASS\Desktop\BBC Agents\client\node_modules\jsdom\lib\jsdom\living\events\EventTarget-impl.js:114:17)
[90mstderr[2m | src/pages/Login.test.jsx[2m > [22m[2mLogin Page[2m > [22m[2mswitches to sign up
[22m[39mThe above error occurred in the <Login> component:

    at Login (C:/Users/ABBASS/Desktop/BBC Agents/client/src/pages/Login.jsx:19:67)
    at Router (C:\Users\ABBASS\Desktop\BBC Agents\client\node_modules\react-router\dist\umd\react-router.development.js:1207:17)
    at BrowserRouter (C:\Users\ABBASS\Desktop\BBC Agents\client\node_modules\react-router-dom\dist\umd\react-router-dom.development.js:695:7)

Consider adding an error boundary to your tree to customize error handling behavior.
Visit https://reactjs.org/link/error-boundaries to learn more about error boundaries.

 [31mΓ¥»[39m src/pages/Login.test.jsx [2m([22m[2m2 tests[22m[2m | [22m[31m2 failed[39m[2m)[22m[32m 17[2mms[22m[39m
[31m     [31m├ù[31m renders login form by default[39m[32m 15[2mms[22m[39m
[31m     [31m├ù[31m switches to sign up[39m[32m 2[2mms[22m[39m

[31mΓÄ»ΓÄ»ΓÄ»ΓÄ»ΓÄ»ΓÄ»ΓÄ»[39m[1m[41m Failed Tests 2 [49m[22m[31mΓÄ»ΓÄ»ΓÄ»ΓÄ»ΓÄ»ΓÄ»ΓÄ»[39m

[41m[1m FAIL [22m[49m src/pages/Login.test.jsx[2m > [22mLogin Page[2m > [22mrenders login form by default
[41m[1m FAIL [22m[49m src/pages/Login.test.jsx[2m > [22mLogin Page[2m > [22mswitches to sign up
[31m[1mReferenceError[22m: email is not defined[39m
[36m [2mΓ¥»[22m Login src/pages/Login.jsx:[2m87:36[22m[39m
    [90m 85| [39m                            [33mtype[39m[33m=[39m[32m"email"[39m
    [90m 86| [39m                            [33mclassName[39m[33m=[39m[32m"input-field"[39m
    [90m 87| [39m                            [33mvalue[39m[33m=[39m[33m{[39memail[33m}[39m
    [90m   | [39m                                   [31m^[39m
    [90m 88| [39m                            [33monChange[39m[33m=[39m[33m{[39m(e) [33m=>[39m [34msetEmail[39m(e[33m.[39mtarget[33m.[39mvalue)[33m}[39m
    [90m 89| [39m                            [33mrequired[39m
[90m [2mΓ¥»[22m renderWithHooks node_modules/react-dom/cjs/react-dom.development.js:[2m15486:18[22m[39m
[90m [2mΓ¥»[22m mountIndeterminateComponent node_modules/react-dom/cjs/react-dom.development.js:[2m20103:13[22m[39m
[90m [2mΓ¥»[22m beginWork node_modules/react-dom/cjs/react-dom.development.js:[2m21626:16[22m[39m
[90m [2mΓ¥»[22m beginWork$1 node_modules/react-dom/cjs/react-dom.development.js:[2m27465:14[22m[39m
[90m [2mΓ¥»[22m performUnitOfWork node_modules/react-dom/cjs/react-dom.development.js:[2m26599:12[22m[39m
[90m [2mΓ¥»[22m workLoopSync node_modules/react-dom/cjs/react-dom.development.js:[2m26505:5[22m[39m
[90m [2mΓ¥»[22m renderRootSync node_modules/react-dom/cjs/react-dom.development.js:[2m26473:7[22m[39m
[90m [2mΓ¥»[22m recoverFromConcurrentError node_modules/react-dom/cjs/react-dom.development.js:[2m25889:20[22m[39m
[90m [2mΓ¥»[22m performConcurrentWorkOnRoot node_modules/react-dom/cjs/react-dom.development.js:[2m25789:22[22m[39m

[31m[2mΓÄ»ΓÄ»ΓÄ»ΓÄ»ΓÄ»ΓÄ»ΓÄ»ΓÄ»ΓÄ»ΓÄ»ΓÄ»ΓÄ»ΓÄ»ΓÄ»ΓÄ»ΓÄ»ΓÄ»ΓÄ»ΓÄ»ΓÄ»ΓÄ»ΓÄ»ΓÄ»ΓÄ»[1/2]ΓÄ»[22m[39m


[2m Test Files [22m [1m[31m1 failed[39m[22m[90m (1)[39m
[2m      Tests [22m [1m[31m2 failed[39m[22m[90m (2)[39m
[2m   Start at [22m 03:21:50
[2m   Duration [22m 914ms[2m (transform 56ms, setup 71ms, import 168ms, tests 17ms, environment 534ms)[22m

