node.exe : FAIL src/routes/__tests__/auth.routes.test.js
At line:1 char:1
+ & "C:\Program Files\nodejs/node.exe" "C:\Program Files\nodejs/node_mo ...
+ ~~~~~~~~~~~~~~~~~~~~~~~~~~~~~~~~~~~~~~~~~~~~~~~~~~~~~~~~~~~~~~~~~~~~~
    + CategoryInfo          : NotSpecified: (FAIL src/routes....routes.test.js:String) [], RemoteException
    + FullyQualifiedErrorId : NativeCommandError
 
  Auth Routes
    POST /auth/register
      ΓêÜ should register a new user successfully (101 ms)
      ├ù should fail if email already exists (126 ms)
    POST /auth/login
      ΓêÜ should login successfully with valid credentials (111 ms)
      ΓêÜ should fail with invalid credentials (122 ms)

  ΓùÅ Auth Routes ΓÇ║ POST /auth/register ΓÇ║ should fail if email already exists

    expect(received).toBe(expected) // Object.is equality

    Expected: 400
    Received: 409

    [0m [90m 36 |[39m                 })[33m;[39m
     [90m 37 |[39m
    [31m[1m>[22m[39m[90m 38 |[39m             expect(res[33m.[39mstatusCode)[33m.[39mtoBe([35m400[39m)[33m;[39m [90m// Assuming 400 for duplicate email[39m
     [90m    |[39m                                    [31m[1m^[22m[39m
     [90m 39 |[39m         })[33m;[39m
     [90m 40 |[39m     })[33m;[39m
     [90m 41 |[39m[0m

      at Object.toBe (src/routes/__tests__/auth.routes.test.js:38:36)

Test Suites: 1 failed, 1 total
Tests:       1 failed, 3 passed, 4 total
Snapshots:   0 total
Time:        1.288 s
Ran all test suites matching src/routes/__tests__/auth.routes.test.js.
Force exiting Jest: Have you considered using `--detectOpenHandles` to detect async operations that kept running after all tests finished?
